915resolution.tce
aalib.tcel
abiword-plugins.tce
abiword.tce
ace-of-penguins.tcel
acl-devs.tce
acl.tcel
acpid.tce
acpi.tce
advcomp.tce
aewm++.tce
aic7xxx-2.6.29.1.tcem
alpine.tce
alsa-devs.tce
alsa-modules-2.6.29.1-tinycore.tcem
alsa-oss.tcel
alsa.tcel
apache2-docs.tce
apache2.tce
aria2.tce
arora.tce
aspell-en.tce
aspell.tce
asunder.tce
atk-devs.tce
atk-locales.tce
atk.tcel
attr-devs.tce
attr.tce
audacious-devs.tce
audacious-plugins.tce
audacious.tcel
audacity-1.2.6.tce
audiofile-devs.tce
audiofile.tcel
autoconf.tce
automake.tce
ayttm.tce
base-devs.tce
bashburn.tce
bash.tce
bc-1.06.94.tce
beaver.tcel
bftpd.tce
bibletime.tce
bigforth.tce
bind.tcel
binutils-2.19.1.tcel
binutils.tcel
bison.tce
bitbake.tcel
bluez-gnome.tcel
bluez.tcel
bonecho-gtk2.tce
bonecho.tce
boost-devs.tce
boost.tcel
bsddb.tcel
bt-2.6.29.1-tinycore.tcem
btpd.tce
busybox-httpd.tce
bvi.tce
bzip2-devs.tce
bzip2.tce
bzip2.tcel
cabextract.tce
cairo-devs.tce
cairomm.tcel
cairo.tcel
ccache.tce
cdk-dev.tce
cdparanoia-devs.tce
cdparanoia.tcel
cdrdao.tce
cdrkit.tce
cdrtools.tce
cfdisk.tce
chimera2.tce
chntpw.tce
clamav-devs.tce
clamav.tcel
cloog.tcel
clucene-devs.tcel
clucene.tcel
cmake.tce
codeblocks_rev5693-contrib.tce
codeblocks_rev5693-core.tce
codeblocks_rev5693-dev.tce
compiletc.tce
conky.tce
coreutils.tce
cpio.tce
cpufreq-2.6.29.1-tinycore.tcem
cpufreq.tcel
cramfs-utils.tce
cups-pdf.tce
cups.tcel
curl-devs.tce
curl.tcel
cvs.tce
d4x.tcel
dbus_glib.tcel
dbus-glib.tcel
dbus_python-2.5.2.tcel
dbus.tcel
dejavu-fonts-ttf.tce
dermixd-alsa.tce
dermixd-oss.tce
dia.tcel
diffutils.tce
dillo2.tce
dmidecode.tce
dnsmasq.tce
dosbox.tce
dosfstools-3.tce
dvb-apps.tce
dvd+rwtools.tcel
e2fsprogs_apps.tce
elinks.tce
emelfm2.tce
emelfm.tce
epdfview.tce
espeak.tcel
ethtool-6.tce
evilwm.tce
expat2-devs.tce
expat2.tcel
faac-devs.tce
faac.tcel
faad-dev.tce
faad.tcel
fakeroot.tcel
fb-utils.tce
fbxkb.tce
feh-1.3.4.tce
ffmpeg.tce
filesystems-2.6.29.1-tinycore.tcem
file.tcel
filezilla.tce
findutils.tce
firefox.tce
firewall-2.6.29.1-tinycore.tcem
firewire-2.6.29.1-tinycore.tcem
firmware-2.6.29.1-tinycore.tce
flac-devs.tce
flac.tcel
flex.tce
fltk-fluid.tce
fluxbox.tce
flwm.tce
fontconfig-devs.tce
fontconfig.tcel
fortune-mod.tce
fox-apps.tce
fox-devs.tce
fox.tcel
fribidi.tcel
ftdi_eeprom.tce
fuse.tcel
galculator.tce
gambas2.tce
gamin.tcel
gawk.tce
gcc-3.3.6.tce
gcc-4.4.0.tcel
gcc.tcel
GConf-2.18.0.1.devs.tce
gdb-6.8_bin.tcel
gdb-6.8_dev.tce
gdb-6.8_doc.tce
gdk-pixbuf-devs.tce
gdk-pixbuf.tcel
gdmap.tcel
geany-locales.tce
geany.tce
gegl.tcel
getFlash10.tce
gettext-0.17.tcel
gfortran.tcel
gftp2.tcel
gftp.tcel
giblib-1.2.4.tcel
gimp1-devs.tce
gimp1.tcel
gimp2.tcel
git.tcel
gkrellm.tce
glib1-devs.tce
glib1.tcel
glib2-devs.tce
glib2-locales.tce
glib2.tcel
glibc_add_libs.tce
glibc_apps.tce
glibc_gconv.tce
glibc_i18n_locale.tce
glibmm.tcel
gnome-icon-theme.tce
gnome-mime-data-2.18.0_devs.tce
gnome-vfs_2.24.1_devs.tce
gnumeric.tce
gnupg2.tce
gnupg.tce
gnutls-dev.tce
gnutls.tcel
goocanvas-dev.tce
goocanvas.tcel
gparted.tce
gpa.tce
gperf.tce
gphoto2.tce
gpredict.tce
gqview1-locales.tce
gqview1.tce
gqview2.tce
gramps-dev.tce
gramps-locale.tce
gramps.tce
graphics-2.6.29.1-tinycore.tcem
graphics-libs-1-devs.tce
graphics-libs-1.tcel
graphviz.tcel
grep.tce
groff.tcel
grsync.tce
grub-0.97-splash.tce
gsl.tce
gsmartcontrol.tce
gs.tcel
gsview.tcel
gtk1-devs.tce
gtk1.tcel
gtk2-devs.tce
gtk2-locales.tce
gtk2_prefs.tce
gtk2.tcel
gtk-engines.tce
gtkfind.tcel
gtk-gnutella-gtk1.tce
gtk-gnutella-gtk2.tce
gtkmm.tcel
gtkpod.tcel
gtm5.tce
gutenprint.tcel
gzip.tce
hackedbox.tce
hal.tcel
hamlib-dev.tce
hamlib.tcel
hddtemp.tce
hdparm.tce
help2man.tcel
hpijs_hpoj.tcel
hping2.tce
hplip_ppd.tce
hplip.tcel
html2text.tce
htop.tce
httptunnel.tce
hwinfo.tce
hwmon-2.6.29.1-tinycore.tcem
ibam.tce
icewm-locales.tce
icewm.tce
id3lib-devs.tcel
id3lib.tcel
ImageMagick-dev.tce
ImageMagick.tcel
imlib2-dev.tce
imlib-devs.tcel
imlib.tcel
inkscapelite.tcel
inkscape.tcel
input-2.6.29.1-tinycore.tcem
intltool-0.40.5.tce
inxi.tce
iodine.tce
iperf.tce
iptables.tcel
irda-2.6.29.1-tinycore.tcem
iso-codes.tce
ispell.tce
itetris.tce
jasper.tcel
java.tce
jed.tce
jfsutils.tce
joe.tce
john.tce
jwhois.tce
jwm-snapshot.tce
jwm.tce
k3b.tcel
kdelibs-3.5.10.tcel
kmaps.tce
kompozer.tce
kvm-2.6.29.1-tinycore.tcem
lame-devs.tce
lame.tcel
laptop-mode-tools.tce
lbreakout2.tce
lcms-dev.tce
lcms.tcel
leafpad-locales.tce
leafpad.tce
lesstif-devs.tce
lesstif.tcel
libaio.tcel
libarchive-devs.tce
libarchive.tcel
libart.tcel
libasound.tcel
libatlas.tcel
libattr.tcel
libblkid.tcel
libbonobo-2.24.1_devs.tce
libburn-dev.tce
libburn.tcel
libcap.tcel
libcddb-devs.tcel
libcddb.tcel
libcdio-devs.tce
libcdio.tcel
libconfuse.tcel
libcups.tcel
libdevil.tcel
libdnet.tcel
libdotconf.tcel
libdvdread-devs.tce
libdvdread.tcel
liberation-fonts-ttf.tce
libevent.tcel
libexif-devs.tce
libexif.tcel
libfbembed.tcel
libffi-dev.tce
libffi.tcel
libftdi.tcel
libgcrypt-devs.tce
libgcrypt.tcel
libgc.tce
libgdbm.tcel
libgd.tcel
libglade-devs.tce
libglade.tcel
libgmp.tcel
libgnomecanvas.tcel
libgnomeprint-devs.tce
libgnomeprint.tcel
libgnomeprintui-devs.tce
libgnomeprintui.tcel
libgpg-error-devs.tce
libgpg-error.tcel
libgphoto2.tcel
libiconv.tcel
libid3tag-dev.tce
libid3tag.tcel
libIDL.tcel
libidn-dev.tcel
libidn.tcel
libieee1284.tcel
libisofs-dev.tce
libisofs.tcel
libjpeg-utils.tce
liblapack.tcel
liblazy.tcel
libltdl.tcel
libmad-devs.tce
libmad.tcel
libmcrypt.tcel
libmcs-devs.tce
libmcs.tcel
libmhash.tcel
libmms-dev.tce
libmms.tcel
libmng-dev.tce
libmng.tcel
libmowgli-devs.tce
libmowgli.tcel
libmpcdec-devs.tce
libmpcdec.tcel
libmpfr.tcel
libnl.tce
libnotify.tcel
libpcap.tcel
libportaudio.tcel
libQt3Support.so.4.tcel
librsvg.tcel
libsamplerate-devs.tce
libsamplerate.tcel
libsigc++.tcel
libsndfile-devs.tce
libsndfile.tcel
libstartup-notification.tcel
libstdc++-5.0.7.tcel
libtheora-devs.tce
libtheora.tcel
libtool.tcel
libtsocks.tcel
liburiparser.tcel
libuuid.tcel
libv4l.tcel
libwmf.tcel
libwnck-dev.tce
libwnck.tcel
libx86.tcel
libxml2-devs.tce
libxml2.tcel
libxp6.tcel
libxslt.tcel
lighttpd.tcel
lilo-static.tce
lilypond-2.12.2.tce
links-2.2.tce
links.tce
linux-headers-2.6.29.1-tinycore.tce
lirc.tceml
lmms.tce
logjam.tce
loop-aes-extra.tcem
lsof.tce
lua.tcz
lxtask-locale.tce
lxtask.tce
lxterminal-locale.tce
lxterminal.tce
lzo2-devs.tce
lzo2.tcel
m4.tce
madbomber.tce
madwifi-hal.tcem
make.tce
mbasecalc.tce
mc-locale.tce
mcrypt.tce
mc.tce
mdadm.tce
md.tcem
mencoder-svn.tce
mercurial-1.2.1.tcel
microperl-5.8.9.tce
minefield.tce
mkisofs-tools.tce
mktemp.tce
mldonkey.tce
most.tce
mowitz.tcel
mpg123.tcel
Mplayer-nodeps.tce
MPlayer-svn-gtk1.tce
MPlayer-svn-gtk2.tce
Mplayer-xorg.tce
mppenc.tce
mtd-2.6.29.1-tinycore.tcem
mtpaint-3.21.tce
mtpaint-cli.tcel
mtpaint-gtk1.tce
mupen64plus.tce
nano.tce
nasm.tce
nbtscan.tce
ncurses-utils.tce
ndiswrapper.tcem
netrik.tce
neXtaw.tcel
nfs-utils.tce
nicotine-locale.tce
nicotine.tce
nilfs.tcem
nmap.tce
nss-nspr-devs.tce
nss-nspr.tcel
ntfs-3g-adv-devs.tce
ntfs-3g-adv.tcel
ntfs-3g-devs.tce
ntfs-3g.tcel
ntfsprogs.tcel
ntop.tcel
ntp.tce
obex.tcel
ogg-vorbis-devs.tce
ogg-vorbis.tcel
old-X-dev.tce
oo2.tcel
openbox.tce
openbox-themes.tce
openssh.tce
openssl-0.9.8h-devs.tce
openssl-0.9.8h.tcel
openssl-0.9.8k-dev.tce
openssl-0.9.8k.tce
open-vm-tools.tcelm
open-vm-tools-withx.tcelm
opera-locales.tce
opera.tce
orage-locale.tce
orage.tce
ORBit-0.5.17-25_devs.tce
ORBit2-2.14.17_devs.tce
OSS40.tcem
OSS.tcem
p7zip-doc.tce
p7zip.tce
pango-devs.tce
pangomm.tcel
pango.tcel
parted.tcel
partimage.tce
patch.tce
pci-utils.tcel
pcmanfm.tce
pcre-devs.tce
pcre.tcel
perl5.tcel
perl_archive_zip.tce
perl_URI-doc.tcz
perl_URI.tce
perl_URI.tcz
perl_xml.tce
photorec.tce
php5-cgi-devs.tcel
php5-cgi-pear.tcel
php5-cgi.tcel
php5-devs.tcel
php5-docs.tce
php5.tcel
pidgin-facebook.tce
pidgin-skype.tce
pidgin.tcel
pil.tcel
pixman-devs.tce
pixman.tcel
pkg-config.tce
pngphoon.tce
poppler-data.tce
poppler-devs.tce
poppler.tcel
poppler-xpdf-headers.tce
portmap.tce
ppl.tcel
pppd.tcel
pppsetup.tce
privoxy.tce
procps.tcel
psyco.tcel
pybsddb-dev.tcel
pybsddb.tcel
pycairo-dev.tce
pycairo.tcel
pygobject-dev.tce
pygobject.tcel
pygtk-dev.tce
pygtk.tcel
pyogg-vorbis.tce
pyqt.tcel
python-2.5.2-dev.tce
python-2.5.2-minimal.tcel
python-2.5.2.tcel
python-dev.tcz
python.tcel
python.tczl
qemu.tce
qiv.tcel
qt-3.3.8b-xorg-devs.tcel
qt-3.3.8b-xorg.tcel
qt-4.2.2.tcel
qt-4.5-base.tcel
qt-4.5-devs.tcel
qt-4.5-extended.tcel
qt-4.5-script.tcel
qt-4.5-sql.tcel
qt-4.5-webkit.tcel
qt-4.5-xml.tcel
qucs.tce
rdesktop.tce
readline-devs.tce
readline.tcel
realvnc-4.1.1.tcel
recordmydesktop-gtk.tcel
recordmydesktop.tce
resize_tclocal.tce
ripperX-2.6.7.tce
ristretto-locale.tce
ristretto.tce
rox-filer-locales.tce
rox-filer.tce
rrdtool-docs.tce
rrdtool.tcel
ruby-devs.tce
ruby.tcel
sakura.tce
samba3.tcel
sane-backends-dev.tce
sane-backends.tcel
scite.tce
scons.tce
SDL-dev.tce
SDL.tcel
seamonkey.tce
sed.tce
setserial-2.17.tce
shadow-utils.tce
shared-mime-info-locales.tce
shared-mime-info.tce
shiretoko.tce
siag.tce
sip.tcel
slang-devs.tce
slang-shell.tce
slang.tcel
SLART.tcel
slim.tce
smartmontools.tce
snes9x.tce
socat.tce
speech-dispatcher.tcel
spider.tce
sqlite3-devs.tce
sqlite3.tcel
squashfs-tools-4.0.tce
sshfs-fuse-2.2.tce
stella.tce
strace.tce
streamripper.tce
stress.tce
supertux.tce
suspend.tce
svn.tcel
swig.tce
sword-devs.tcel
sword-locales.tcel
sword.tcel
sylpheed-gtk1.tce
sylpheed.tce
symlinks.tce
synergy-1.3.1.tce
syslinux.tce
taglib-devs.tce
taglib.tcel
tcc.tce
tc-ita.tce
tcl_tk.tcel
tcptunnel.tce
tcp_wrappers-devs.tce
tcp_wrappers.tcel
Terminal-locale.tce
Terminal.tce
testdisk-6.11.3.tce
texinfo.tce
thunderbird.tce
tightvnc.tce
tint2.tce
tinywm.tce
tofrodos.tce
tor.tce
transmission-locale.tce
transmission.tce
treeline.tcel
ttf-bitstream-vera.tce
tzdata.tcel
udevadm.tce
udptunnel.tce
unrar.tce
usb-serial-2.6.29.1-tinycore.tcem
usb-utils.tcel
util-linux-ng_locales.tce
util-linux-ng.tce
v4l-dvb-2.6.29.1-tinycore.tcem
valgrind.tce
vbetool.tce
vice.tce
vim_7.2.245.tce
vim-7.2-bin.tce
vim-7.2-docs.tce
vimtutor.tce
vnstat.tce
vpnc.tce
vsftpd-ssl.tce
vsftpd.tce
vte-dev.tce
vtemodule.tcel
vte.tcel
wavemon.tce
wavpack-devs.tce
wavpack.tcel
wbar.tce
weechat-locales.tce
weechat.tce
wget.tce
wifi-radar.tce
windowlab.tce
wine-gl-dev.tce
wine-gl.tcel
wireless-2.6.29.1-tinycore_mod.tcem
wireless-2.6.29.1-tinycore.tcem
wireless_tools.tcel
wireshark.tcel
wl.tcem
wmaker-devs.tce
wmaker.tcel
wpa-supplicant.tce
wv-dev.tce
wv.tcel
wwmkr.tce
wxgtk-devs.tce
wxgtk.tcel
x0vncserver-4.1.1.tcel
x11vnc-0.9.6.tce
xautolock-2.2.tce
xcdroast.tce
xchat-2.8.6.tce
xchat.tce
Xdialog.tce
xdx.tce
Xfbdev.tce
xfce4-appfinder.tce
Xfce4base-locale.tce
Xfce4base.tcel
xfce4-cpufreq-plugin.tce
xfce4-screenshooter.tce
xfce4-weather-plugin.tce
xfe-locales.tce
xfe.tce
xfi.tce
xfsdump.tce
xfsprogs-devs.tce
xfsprogs.tcel
xfv.tce
xfwm4-themes.tce
xfw.tce
xine-lib.tcel
xine-ui.tce
xine-xvesa-devs.tce
xine-xvesa-locales.tce
xine-xvesa.tce
Xlibs_support.tcel
xlockmore.tce
xmms-1.2.11-devs.tce
xmms-1.2.11.tcel
xmms-flac.tce
xmms-musepack-1.2.1.tce
xonclock.tce
Xorg-7.4-dev.tce
Xorg-7.4.tcel
xpdf-3.02pl2.tce
xplanet-maps-1.tce
xplanet.tce
xsane.tcel
xtrlock-2.0.tce
Xvesa.tce
xvkbd.tce
xwota.tce
yasr.tce
zfs-fuse.tce
zip.tce
zsnes.tce
